*** EVALUATION ***
PROGRAM "D:\Hochschule\4_Computerarchitektur\Labor1\CAD-Lab1\CA-main\CA-main\Labor1\CA3_Lab1_CoronaEdition (1)\CA3_Lab1_CoronaEdition\lab1d\bin\Simulator.abs"

*********************************************************************************************
TARGET SECTION
---------------------------------------------------------------------------------------------
Processor   : Freescale HC12
Memory Model: SMALL
File Format : ELF\DWARF 2.0
Linker      : SmartLinker V-5.0.40 Build 10203, Jul 23 2010

*********************************************************************************************
FILE SECTION
---------------------------------------------------------------------------------------------
main.asm.o                              Model: SMALL,         Lang: Assembler
hexToASCII.asm.o                        Model: SMALL,         Lang: Assembler

*********************************************************************************************
STARTUP SECTION
---------------------------------------------------------------------------------------------
Entry point: 0xC000 (Entry)

*********************************************************************************************
SECTION-ALLOCATION SECTION
Section Name                    Size  Type     From       To       Segment
---------------------------------------------------------------------------------------------
.init                            127     R     0xC000     0xC07E   ROM_C000
.data                              9   R/W     0x1000     0x1008   RAM
.stack                           256   R/W     0x1009     0x1108   RAM
.vectSeg0_vect                     2     R     0xFFFE     0xFFFF   .vectSeg0

Summary of section sizes per section type:
READ_ONLY (R):          81 (dec:      129)
READ_WRITE (R/W):      109 (dec:      265)

*********************************************************************************************
VECTOR-ALLOCATION SECTION
    Address     InitValue   InitFunction
---------------------------------------------------------------------------------------------
     0xFFFE        0xC000   Entry

*********************************************************************************************
OBJECT-ALLOCATION SECTION
     Name               Module                 Addr   hSize   dSize     Ref    Section   RLIB
---------------------------------------------------------------------------------------------
MODULE:                 -- main.asm.o --
- PROCEDURES:
     Entry                                     C000      14      20       0   .init       
     main                                      C000       0       0       0   .init       
     loop                                      C014       2       2       0   .init       
- VARIABLES:
     val                                       1000       2       2       2   .data       
     charString                                1002       7       7       1   .data       
- LABELS:
     __SEG_END_SSTACK                          1109       0       0       1               
MODULE:                 -- hexToASCII.asm.o --
- PROCEDURES:
     H2A                                       C016      10      16       4   .init       
     hexToASCII                                C026      59      89       1   .init       
- VARIABLES:

*********************************************************************************************
MODULE STATISTIC
  Name                                      Data   Code  Const
---------------------------------------------------------------------------------------------
  main.asm.o                                   9     22      0
  hexToASCII.asm.o                             0    105      0
  other                                      256      2      0

*********************************************************************************************
SECTION USE IN OBJECT-ALLOCATION SECTION
---------------------------------------------------------------------------------------------
SECTION: ".data"
  val charString 
SECTION: ".init"
  main Entry loop H2A hexToASCII 

*********************************************************************************************
OBJECT LIST SORTED BY ADDRESS
     Name                                      Addr   hSize   dSize     Ref    Section   RLIB
---------------------------------------------------------------------------------------------
     val                                       1000       2       2       2   .data       
     charString                                1002       7       7       1   .data       
     main                                      C000       0       0       0   .init       
     Entry                                     C000      14      20       0   .init       
     loop                                      C014       2       2       0   .init       
     H2A                                       C016      10      16       4   .init       
     hexToASCII                                C026      59      89       1   .init       

*********************************************************************************************
UNUSED-OBJECTS SECTION
---------------------------------------------------------------------------------------------

*********************************************************************************************
COPYDOWN SECTION
---------------------------------------------------------------------------------------------

*********************************************************************************************
OBJECT-DEPENDENCIES SECTION
---------------------------------------------------------------------------------------------
Entry                     USES __SEG_END_SSTACK charString val hexToASCII 
hexToASCII                USES H2A 

*********************************************************************************************
DEPENDENCY TREE
*********************************************************************************************
 main and _Startup Group
 | 
 +- main                
 |    
 +- Entry               
    | 
    +- hexToASCII          
       | 
       +- H2A                 
            
*********************************************************************************************
STATISTIC SECTION
---------------------------------------------------------------------------------------------

ExeFile:
--------
Number of blocks to be downloaded: 2
Total size of all blocks to be downloaded: 129

