*** EVALUATION ***
PROGRAM "C:\Users\Enes\Documents\GitHub\CAD-Lab1\CA-main\CA-main\Labor1\CA3_Lab1_CoronaEdition (1)\CA3_Lab1_CoronaEdition\lab1a - Kopie\bin\Simulator.abs"

*********************************************************************************************
TARGET SECTION
---------------------------------------------------------------------------------------------
Processor   : Freescale HC12
Memory Model: SMALL
File Format : ELF\DWARF 2.0
Linker      : SmartLinker V-5.0.40 Build 10203, Jul 23 2010

*********************************************************************************************
FILE SECTION
---------------------------------------------------------------------------------------------
main.asm.o                              Model: SMALL,         Lang: Assembler
Delay.asm.o                             Model: SMALL,         Lang: Assembler
LED.asm.o                               Model: SMALL,         Lang: Assembler

*********************************************************************************************
STARTUP SECTION
---------------------------------------------------------------------------------------------
Entry point: 0xC000 (Entry)

*********************************************************************************************
SECTION-ALLOCATION SECTION
Section Name                    Size  Type     From       To       Segment
---------------------------------------------------------------------------------------------
.init                             81     R     0xC000     0xC050   ROM_C000
.stack                           256   R/W     0x1000     0x10FF   RAM
.vectSeg0_vect                     2     R     0xFFFE     0xFFFF   .vectSeg0

Summary of section sizes per section type:
READ_ONLY (R):          53 (dec:       83)
READ_WRITE (R/W):      100 (dec:      256)

*********************************************************************************************
VECTOR-ALLOCATION SECTION
    Address     InitValue   InitFunction
---------------------------------------------------------------------------------------------
     0xFFFE        0xC000   Entry

*********************************************************************************************
OBJECT-ALLOCATION SECTION
     Name               Module                 Addr   hSize   dSize     Ref    Section   RLIB
---------------------------------------------------------------------------------------------
MODULE:                 -- main.asm.o --
- PROCEDURES:
     Entry                                     C000       8       8       0   .init       
     main                                      C000       0       0       0   .init       
     restart                                   C008       8       8       0   .init       
     vonvorne                                  C010       7       7       0   .init       
     unter63                                   C017       B      11       0   .init       
- VARIABLES:
- LABELS:
     __SEG_END_SSTACK                          1100       0       0       1               
MODULE:                 -- Delay.asm.o --
- PROCEDURES:
     delay_0_5sec                              C022       5       5       1   .init       
     waitO                                     C027       3       3       0   .init       
     waitI                                     C02A       9       9       0   .init       
- VARIABLES:
MODULE:                 -- LED.asm.o --
- PROCEDURES:
     initLED                                   C033      13      19       1   .init       
     setLED                                    C046       3       3       1   .init       
     getLED                                    C049       3       3       0   .init       
     toggleLED                                 C04C       5       5       0   .init       
- VARIABLES:

*********************************************************************************************
MODULE STATISTIC
  Name                                      Data   Code  Const
---------------------------------------------------------------------------------------------
  main.asm.o                                   0     34      0
  Delay.asm.o                                  0     17      0
  LED.asm.o                                    0     30      0
  other                                      256      2      0

*********************************************************************************************
SECTION USE IN OBJECT-ALLOCATION SECTION
---------------------------------------------------------------------------------------------
SECTION: ".init"
  main Entry restart vonvorne unter63 delay_0_5sec waitO waitI initLED setLED 
  getLED toggleLED 

*********************************************************************************************
OBJECT LIST SORTED BY ADDRESS
     Name                                      Addr   hSize   dSize     Ref    Section   RLIB
---------------------------------------------------------------------------------------------
     main                                      C000       0       0       0   .init       
     Entry                                     C000       8       8       0   .init       
     restart                                   C008       8       8       0   .init       
     vonvorne                                  C010       7       7       0   .init       
     unter63                                   C017       B      11       0   .init       
     delay_0_5sec                              C022       5       5       1   .init       
     waitO                                     C027       3       3       0   .init       
     waitI                                     C02A       9       9       0   .init       
     initLED                                   C033      13      19       1   .init       
     setLED                                    C046       3       3       1   .init       
     getLED                                    C049       3       3       0   .init       
     toggleLED                                 C04C       5       5       0   .init       

*********************************************************************************************
UNUSED-OBJECTS SECTION
---------------------------------------------------------------------------------------------

*********************************************************************************************
COPYDOWN SECTION
---------------------------------------------------------------------------------------------

*********************************************************************************************
OBJECT-DEPENDENCIES SECTION
---------------------------------------------------------------------------------------------
Entry                     USES __SEG_END_SSTACK initLED 
unter63                   USES setLED delay_0_5sec 

*********************************************************************************************
DEPENDENCY TREE
*********************************************************************************************
 main and _Startup Group
 | 
 +- main                
 |    
 +- Entry               
    | 
    +- initLED             
         
*********************************************************************************************
STATISTIC SECTION
---------------------------------------------------------------------------------------------

ExeFile:
--------
Number of blocks to be downloaded: 2
Total size of all blocks to be downloaded: 83

