*** EVALUATION ***
PROGRAM "C:\Users\Enes\Desktop\Semester 4\CAD\Labor1\CA-main\CA-main\Labor1\CA3_Lab1_CoronaEdition (1)\CA3_Lab1_CoronaEdition\lab1c\bin\Simulator.abs"

*********************************************************************************************
TARGET SECTION
---------------------------------------------------------------------------------------------
Processor   : Freescale HC12
Memory Model: SMALL
File Format : ELF\DWARF 2.0
Linker      : SmartLinker V-5.0.40 Build 10203, Jul 23 2010

*********************************************************************************************
FILE SECTION
---------------------------------------------------------------------------------------------
main.asm.o                              Model: SMALL,         Lang: Assembler
toLower.asm.o                           Model: SMALL,         Lang: Assembler

*********************************************************************************************
STARTUP SECTION
---------------------------------------------------------------------------------------------
Entry point: 0xC000 (Entry)

*********************************************************************************************
SECTION-ALLOCATION SECTION
Section Name                    Size  Type     From       To       Segment
---------------------------------------------------------------------------------------------
.init                             60     R     0xC000     0xC03B   ROM_C000
.data                             80   R/W     0x1000     0x104F   RAM
.const                            30     R     0xC03C     0xC059   ROM_C000
.stack                           256   R/W     0x1050     0x114F   RAM
.vectSeg0_vect                     2     R     0xFFFE     0xFFFF   .vectSeg0

Summary of section sizes per section type:
READ_ONLY (R):          5C (dec:       92)
READ_WRITE (R/W):      150 (dec:      336)

*********************************************************************************************
VECTOR-ALLOCATION SECTION
    Address     InitValue   InitFunction
---------------------------------------------------------------------------------------------
     0xFFFE        0xC000   Entry

*********************************************************************************************
OBJECT-ALLOCATION SECTION
     Name               Module                 Addr   hSize   dSize     Ref    Section   RLIB
---------------------------------------------------------------------------------------------
MODULE:                 -- main.asm.o --
- PROCEDURES:
     Entry                                     C000      14      20       0   .init       
     main                                      C000       0       0       0   .init       
     loop                                      C014       2       2       0   .init       
     STRCPY                                    C016       9       9       1   .init       
- VARIABLES:
     Vtext                                     1000      50      80       2   .data       
     Ctext                                     C03C      1E      30       1   .const      
- LABELS:
     __SEG_END_SSTACK                          1150       0       0       1               
MODULE:                 -- toLower.asm.o --
- PROCEDURES:
     toLower                                   C01F       5       5       1   .init       
     weiter                                    C024      11      17       0   .init       
     next                                      C035       3       3       0   .init       
     ende                                      C038       4       4       0   .init       
- VARIABLES:

*********************************************************************************************
MODULE STATISTIC
  Name                                      Data   Code  Const
---------------------------------------------------------------------------------------------
  main.asm.o                                  80     31     30
  toLower.asm.o                                0     29      0
  other                                      256      2      0

*********************************************************************************************
SECTION USE IN OBJECT-ALLOCATION SECTION
---------------------------------------------------------------------------------------------
SECTION: ".data"
  Vtext 
SECTION: ".init"
  main Entry loop STRCPY toLower weiter next ende 
SECTION: ".const"
  Ctext 

*********************************************************************************************
OBJECT LIST SORTED BY ADDRESS
     Name                                      Addr   hSize   dSize     Ref    Section   RLIB
---------------------------------------------------------------------------------------------
     Vtext                                     1000      50      80       2   .data       
     main                                      C000       0       0       0   .init       
     Entry                                     C000      14      20       0   .init       
     loop                                      C014       2       2       0   .init       
     STRCPY                                    C016       9       9       1   .init       
     toLower                                   C01F       5       5       1   .init       
     weiter                                    C024      11      17       0   .init       
     next                                      C035       3       3       0   .init       
     ende                                      C038       4       4       0   .init       
     Ctext                                     C03C      1E      30       1   .const      

*********************************************************************************************
UNUSED-OBJECTS SECTION
---------------------------------------------------------------------------------------------

*********************************************************************************************
COPYDOWN SECTION
---------------------------------------------------------------------------------------------

*********************************************************************************************
OBJECT-DEPENDENCIES SECTION
---------------------------------------------------------------------------------------------
Entry                     USES __SEG_END_SSTACK Ctext Vtext STRCPY toLower 

*********************************************************************************************
DEPENDENCY TREE
*********************************************************************************************
 main and _Startup Group
 | 
 +- main                
 |    
 +- Entry               
    | 
    +- STRCPY              
    |    
    +- toLower             
         
*********************************************************************************************
STATISTIC SECTION
---------------------------------------------------------------------------------------------

ExeFile:
--------
Number of blocks to be downloaded: 2
Total size of all blocks to be downloaded: 92

